
########## scenario: followup  visitor=repro-followup-1790629189996  2026-09-28T20:59:49.996Z

===== before the follow-up — leads on this conversation: 1 (client total: 44)
{
  "id": "6de393c6-f414-4314-88e2-dec66f8d3cdf",
  "name": "كريم مصطفى",
  "phone": "01012345678",
  "service_requested": "تنظيف وتبييض أسنان",
  "status": "appointment_booked",
  "appointment_at": "2026-09-25T22:39:04.611+02:00",
  "appointment_confirmed": false,
  "showed_up": null,
  "arrival_confirmed_at": null,
  "confidence_score": 1,
  "created_at": "2026-09-28T22:39:01.791+02:00",
  "updated_at": "2026-09-28T22:39:04.626+02:00"
}
  ai_extracted_data → {
  "appointment_date": "2026-09-29",
  "appointment_time": "17:00",
  "appointment_at": "2026-09-25T20:39:04.611Z",
  "is_lead": true,
  "confidence": 1,
  "summary": "الزائر كريم مصطفى يرغب في حجز خدمة تنظيف وتبييض أسنان غداً الساعة الخامسة عصراً."
}
  lead_events: [
  "22:39:01 created  → appointment_booked (AI/system)",
  "22:39:01 appointment_set  → 2026-09-29T14:00:00Z (AI/system)",
  "22:39:04 appointment_set 2026-09-29T14:00:00Z → 2026-09-25T20:39:04Z (AI/system)"
]
  in the "New" leads tab (status=new): no
→ visitor: الساعة 6 المغرب
← 200 reply: تمام جداً يا أستاذ كريم، هنحجزلك يوم الخميس الساعة 6 المغرب إن شاء الله لنفس الخدمة (تنظيف وتبييض الأسنان). 

تم تسجيل كل التفاصيل، وحد من فريق العيادة هيتواصل 

===== after "الساعة 6 المغرب" — leads on this conversation: 1 (client total: 44)
{
  "id": "6de393c6-f414-4314-88e2-dec66f8d3cdf",
  "name": "كريم مصطفى",
  "phone": "01012345678",
  "service_requested": "تنظيف وتبييض أسنان",
  "status": "appointment_booked",
  "appointment_at": "2026-10-01T18:00:00+02:00",
  "appointment_confirmed": false,
  "showed_up": null,
  "arrival_confirmed_at": null,
  "confidence_score": 1,
  "created_at": "2026-09-28T22:39:01.791+02:00",
  "updated_at": "2026-09-28T23:00:12.518+02:00"
}
  ai_extracted_data → {
  "appointment_date": "2026-10-01",
  "appointment_time": "19:00",
  "appointment_at": "2026-10-01T16:00:00.000Z",
  "is_lead": true,
  "confidence": 1,
  "summary": "الزائر كريم مصطفى يريد حجز خدمة تنظيف وتبييض أسنان يوم الخميس الساعة 6 المغرب"
}
  lead_events: [
  "22:39:01 created  → appointment_booked (AI/system)",
  "22:39:01 appointment_set  → 2026-09-29T14:00:00Z (AI/system)",
  "22:39:04 appointment_set 2026-09-29T14:00:00Z → 2026-09-25T20:39:04Z (AI/system)",
  "23:00:12 appointment_set 2026-09-25T20:39:04Z → 2026-10-01T16:00:00Z (AI/system)"
]
  in the "New" leads tab (status=new): no
