
########## scenario: returning  visitor=repro-returning-1790627800875  2026-09-28T20:36:40.875Z
→ visitor: السلام عليكم، أنا كريم مصطفى، عايز أعمل تنظيف وتبييض أسنان. رقمي 01012345678
← 200 reply: وعليكم السلام يا أستاذ كريم، منورنا! 

أهلاً بيك وبخدمتك طبعاً، تنظيف وتبييض الأسنان هيخلو ابتسامتك ممتازة. أنا سجلت اسمك ورقمك، وفريق العيادة هيتواصل معاك في أ
conversationId 4b50478a-6551-45e2-8936-0df4fc572a04

===== A — after the first message — leads on this conversation: 1 (client total: 37)
{
  "id": "42bf3567-81f2-4d54-9c2f-e053e4441c34",
  "name": "كريم مصطفى",
  "phone": "01012345678",
  "service_requested": "تنظيف وتبييض أسنان",
  "status": "new",
  "appointment_at": null,
  "appointment_confirmed": false,
  "showed_up": null,
  "arrival_confirmed_at": null,
  "confidence_score": 1,
  "created_at": "2026-09-28T22:37:15.843+02:00",
  "updated_at": "2026-09-28T22:37:15.843+02:00"
}
  ai_extracted_data → {
  "appointment_date": null,
  "appointment_time": null,
  "appointment_at": null,
  "is_lead": true,
  "confidence": 1,
  "summary": "العميل كريم مصطفى يطلب خدمة تنظيف وتبييض الأسنان."
}
  lead_events: [
  "22:37:15 created  → new (AI/system)"
]
  in the "New" leads tab (status=new): YES

===== B — after the team booked + marked "showed up" — leads on this conversation: 1 (client total: 37)
{
  "id": "42bf3567-81f2-4d54-9c2f-e053e4441c34",
  "name": "كريم مصطفى",
  "phone": "01012345678",
  "service_requested": "تنظيف وتبييض أسنان",
  "status": "showed_up",
  "appointment_at": "2026-09-25T22:37:18.876+02:00",
  "appointment_confirmed": false,
  "showed_up": true,
  "arrival_confirmed_at": "2026-09-25T22:47:18.889+02:00",
  "confidence_score": 1,
  "created_at": "2026-09-28T22:37:15.843+02:00",
  "updated_at": "2026-09-28T22:37:18.892+02:00"
}
  ai_extracted_data → {
  "appointment_date": null,
  "appointment_time": null,
  "appointment_at": null,
  "is_lead": true,
  "confidence": 1,
  "summary": "العميل كريم مصطفى يطلب خدمة تنظيف وتبييض الأسنان."
}
  lead_events: [
  "22:37:15 created  → new (AI/system)",
  "22:37:18 status_changed new → appointment_booked (team)",
  "22:37:18 appointment_set  → 2026-09-25T20:37:18Z (team)",
  "22:37:18 status_changed appointment_booked → showed_up (team)"
]
  in the "New" leads tab (status=new): no
→ visitor: أهلاً، عايز أحجز تاني الخميس
← 200 reply: يا أهلاً بيك يا أستاذ كريم مرة تانية! 

من عيوني الاتنين، أنا سجلت طلب حجز يوم الخميس وهنأكد عليك الميعاد في أقرب وقت. 

فيه أي تفاصيل تاني حابب نبلغها للفريق ل

===== D — after "عايز أحجز تاني الخميس" — leads on this conversation: 1 (client total: 37)
{
  "id": "42bf3567-81f2-4d54-9c2f-e053e4441c34",
  "name": "كريم مصطفى",
  "phone": "01012345678",
  "service_requested": "تنظيف وتبييض أسنان",
  "status": "showed_up",
  "appointment_at": "2026-09-25T22:37:18.876+02:00",
  "appointment_confirmed": false,
  "showed_up": true,
  "arrival_confirmed_at": "2026-09-25T22:47:18.889+02:00",
  "confidence_score": 1,
  "created_at": "2026-09-28T22:37:15.843+02:00",
  "updated_at": "2026-09-28T22:37:18.892+02:00"
}
  ai_extracted_data → {
  "appointment_date": null,
  "appointment_time": null,
  "appointment_at": null,
  "is_lead": true,
  "confidence": 1,
  "summary": "العميل كريم مصطفى يطلب خدمة تنظيف وتبييض الأسنان."
}
  lead_events: [
  "22:37:15 created  → new (AI/system)",
  "22:37:18 status_changed new → appointment_booked (team)",
  "22:37:18 appointment_set  → 2026-09-25T20:37:18Z (team)",
  "22:37:18 status_changed appointment_booked → showed_up (team)"
]
  in the "New" leads tab (status=new): no

before (B) lead row: [
  {
    "id": "42bf3567-81f2-4d54-9c2f-e053e4441c34",
    "name": "كريم مصطفى",
    "phone": "01012345678",
    "service_requested": "تنظيف وتبييض أسنان",
    "status": "showed_up",
    "appointment_at": "2026-09-25T22:37:18.876+02:00",
    "appointment_confirmed": false,
    "showed_up": true,
    "arrival_confirmed_at": "2026-09-25T22:47:18.889+02:00",
    "confidence_score": 1,
    "created_at": "2026-09-28T22:37:15.843+02:00",
    "updated_at": "2026-09-28T22:37:18.892+02:00"
  }
]
